[CHECK][main.openmp_guard] KMP_DUPLICATE_LIB_OK=TRUE
[CHECK][main.openmp_guard] MKL_NUM_THREADS=1 MKL_THREADING_LAYER=SEQUENTIAL
[phase1-train-pair-self-labeling-cli]
- config: config_mixed.yaml
- synthetic_source: mixed_physical_block_joint_distribution
- rule_profile: multi_series_260711
- score_mode: wo_first
- objective_scope: series_only
- episode_scope: resource_pool_subproblems_v1
- bay_ids: 22,23,24,25,trans
- bay_capacity_weights: {'22': 4.0, '23': 3.0, '24': 4.0, '25': 2.0, 'trans': 2.0}
- min_physical_blocks: 12
- max_physical_blocks: 80
- episodes: 20000
- rollout_samples: 64
- rollout_samples_validation: 64
- heuristic_algorithms: wo_first_balanced,cut_first_balanced,bevel_first_balanced
- resume_checkpoint: 
- phase2_feedback_enabled: False
- phase2_feedback_checkpoint: 
- write_candidate_summary: False
- device: cuda
- output_dir: output/phase1_mixed_resource_pool_v2
[phase1-train-pair-self-labeling]
- episodes: 20000
- start_episode: 1
- rollout_samples: 64
- validation_rollout_samples: 64
- heuristic_algorithms: wo_first_balanced,cut_first_balanced,bevel_first_balanced
- rule_profile: multi_series_260711
- score_mode: wo_first
- objective_scope: series_only
- objective_scope_transition: False
- previous_objective_scope: series_only
- episode_mode: on_the_fly
- resume_checkpoint: 
- device: cuda
[CHECK][phase1_pair_self_labeling.train.subproblem] episode=1 subproblem_id=NP_NC block_count=14 best_source=wo_first_balanced loss=2.903821 phase1_score=(1.833333333, 297.075746171, 6.75)
[CHECK][phase1_pair_self_labeling.train.subproblem] episode=1 subproblem_id=FN_FL block_count=8 best_source=agent_sample_5 loss=2.018615 phase1_score=(1.5, 72.139772772, 1.5)
[CHECK][phase1_pair_self_labeling.train] episode=1 problem_id=EP00001 block_count=22 best_source=NP_NC:wo_first_balanced|FN_FL:agent_sample_5 subproblem_count=2 loss=2.461218 learning_score=(3.333333333, 369.215518943, 8.25) phase1_score=(3.333333333, 369.215518943, 8.25)
[CHECK][phase1_pair_self_labeling.train.subproblem] episode=2 subproblem_id=NP_NC block_count=23 best_source=bevel_first_balanced loss=3.343559 phase1_score=(0.25, 243.133727203, 3.75)
[CHECK][phase1_pair_self_labeling.train.subproblem] episode=2 subproblem_id=FN_FL block_count=30 best_source=cut_first_balanced loss=3.190022 phase1_score=(1.0, 111.968750074, 6.5)
[CHECK][phase1_pair_self_labeling.train] episode=2 problem_id=EP00002 block_count=53 best_source=NP_NC:bevel_first_balanced|FN_FL:cut_first_balanced subproblem_count=2 loss=3.266790 learning_score=(1.25, 355.102477277, 10.25) phase1_score=(1.25, 355.102477277, 10.25)
[CHECK][phase1_pair_self_labeling.train.subproblem] episode=3 subproblem_id=NP_NC block_count=12 best_source=cut_first_balanced loss=2.742558 phase1_score=(0.833333333, 87.424542622, 3.75)
[CHECK][phase1_pair_self_labeling.train.subproblem] episode=3 subproblem_id=FN_FL block_count=14 best_source=bevel_first_balanced loss=2.464352 phase1_score=(1.0, 138.539831335, 3.5)
[CHECK][phase1_pair_self_labeling.train] episode=3 problem_id=EP00003 block_count=26 best_source=NP_NC:cut_first_balanced|FN_FL:bevel_first_balanced subproblem_count=2 loss=2.603455 learning_score=(1.833333333, 225.964373957, 7.25) phase1_score=(1.833333333, 225.964373957, 7.25)
[CHECK][phase1_pair_self_labeling.train.subproblem] episode=4 subproblem_id=NP_NC block_count=13 best_source=bevel_first_balanced loss=2.820799 phase1_score=(1.0, 91.554730708, 2.833333333)
[CHECK][phase1_pair_self_labeling.train.subproblem] episode=4 subproblem_id=FN_FL block_count=16 best_source=cut_first_balanced loss=2.559373 phase1_score=(1.5, 124.467548736, 8.0)
[CHECK][phase1_pair_self_labeling.train] episode=4 problem_id=EP00004 block_count=29 best_source=NP_NC:bevel_first_balanced|FN_FL:cut_first_balanced subproblem_count=2 loss=2.690086 learning_score=(2.5, 216.022279444, 10.833333333) phase1_score=(2.5, 216.022279444, 10.833333333)
[CHECK][phase1_pair_self_labeling.train.subproblem] episode=5 subproblem_id=NP_NC block_count=40 best_source=bevel_first_balanced loss=3.832546 phase1_score=(0.5, 456.898606263, 5.333333333)
[CHECK][phase1_pair_self_labeling.train.subproblem] episode=5 subproblem_id=FN_FL block_count=33 best_source=cut_first_balanced loss=3.208225 phase1_score=(0.5, 125.208498608, 11.0)
[CHECK][phase1_pair_self_labeling.train] episode=5 problem_id=EP00005 block_count=73 best_source=NP_NC:bevel_first_balanced|FN_FL:cut_first_balanced subproblem_count=2 loss=3.520386 learning_score=(1.0, 582.107104871, 16.333333333) phase1_score=(1.0, 582.107104871, 16.333333333)
[CHECK][phase1_pair_self_labeling.train.subproblem] episode=6 subproblem_id=NP_NC block_count=19 best_source=bevel_first_balanced loss=3.152741 phase1_score=(0.5, 78.103656268, 4.083333333)
[CHECK][phase1_pair_self_labeling.train.subproblem] episode=6 subproblem_id=FN_FL block_count=20 best_source=agent_sample_21 loss=2.785290 phase1_score=(0.5, 134.105181866, 7.0)
[CHECK][phase1_pair_self_labeling.train] episode=6 problem_id=EP00006 block_count=39 best_source=NP_NC:bevel_first_balanced|FN_FL:agent_sample_21 subproblem_count=2 loss=2.969016 learning_score=(1.0, 212.208838133, 11.083333333) phase1_score=(1.0, 212.208838133, 11.083333333)
[CHECK][phase1_pair_self_labeling.train.subproblem] episode=7 subproblem_id=NP_NC block_count=49 best_source=wo_first_balanced loss=4.021371 phase1_score=(0.166666667, 196.886424643, 10.583333333)
[CHECK][phase1_pair_self_labeling.train.subproblem] episode=7 subproblem_id=FN_FL block_count=51 best_source=cut_first_balanced loss=3.591953 phase1_score=(0.5, 383.947104591, 9.0)
[CHECK][phase1_pair_self_labeling.train] episode=7 problem_id=EP00007 block_count=100 best_source=NP_NC:wo_first_balanced|FN_FL:cut_first_balanced subproblem_count=2 loss=3.806662 learning_score=(0.666666667, 580.833529234, 19.583333333) phase1_score=(0.666666667, 580.833529234, 19.583333333)
[CHECK][phase1_pair_self_labeling.train.subproblem] episode=8 subproblem_id=NP_NC block_count=37 best_source=wo_first_balanced loss=3.751405 phase1_score=(0.333333333, 122.485152656, 12.0)
[CHECK][phase1_pair_self_labeling.train.subproblem] episode=8 subproblem_id=FN_FL block_count=51 best_source=wo_first_balanced loss=3.559147 phase1_score=(0.5, 106.592607581, 12.0)
[CHECK][phase1_pair_self_labeling.train] episode=8 problem_id=EP00008 block_count=88 best_source=NP_NC:wo_first_balanced|FN_FL:wo_first_balanced subproblem_count=2 loss=3.655276 learning_score=(0.833333333, 229.077760236, 24.0) phase1_score=(0.833333333, 229.077760236, 24.0)
[CHECK][phase1_pair_self_labeling.train.subproblem] episode=9 subproblem_id=NP_NC block_count=53 best_source=bevel_first_balanced loss=4.098024 phase1_score=(0.333333333, 555.25872072, 5.75)
[CHECK][phase1_pair_self_labeling.train.subproblem] episode=9 subproblem_id=FN_FL block_count=52 best_source=wo_first_balanced loss=3.562646 phase1_score=(1.0, 21.225127436, 6.0)
[CHECK][phase1_pair_self_labeling.train] episode=9 problem_id=EP00009 block_count=105 best_source=NP_NC:bevel_first_balanced|FN_FL:wo_first_balanced subproblem_count=2 loss=3.830335 learning_score=(1.333333333, 576.483848156, 11.75) phase1_score=(1.333333333, 576.483848156, 11.75)
[CHECK][phase1_pair_self_labeling.train.subproblem] episode=10 subproblem_id=NP_NC block_count=42 best_source=bevel_first_balanced loss=3.853491 phase1_score=(0.5, 259.407078016, 3.0)
[CHECK][phase1_pair_self_labeling.train.subproblem] episode=10 subproblem_id=FN_FL block_count=55 best_source=wo_first_balanced loss=3.593560 phase1_score=(0.5, 125.459660797, 9.5)
[CHECK][phase1_pair_self_labeling.train] episode=10 problem_id=EP00010 block_count=97 best_source=NP_NC:bevel_first_balanced|FN_FL:wo_first_balanced subproblem_count=2 loss=3.723526 learning_score=(1.0, 384.866738813, 12.5) phase1_score=(1.0, 384.866738813, 12.5)
[CHECK][phase1_pair_self_labeling.train.subproblem] episode=11 subproblem_id=NP_NC block_count=17 best_source=bevel_first_balanced loss=3.018972 phase1_score=(0.083333333, 134.712542855, 6.0)
[CHECK][phase1_pair_self_labeling.train.subproblem] episode=11 subproblem_id=FN_FL block_count=23 best_source=agent_sample_53 loss=2.862927 phase1_score=(1.0, 46.312184691, 10.5)
[CHECK][phase1_pair_self_labeling.train] episode=11 problem_id=EP00011 block_count=40 best_source=NP_NC:bevel_first_balanced|FN_FL:agent_sample_53 subproblem_count=2 loss=2.940950 learning_score=(1.083333333, 181.024727546, 16.5) phase1_score=(1.083333333, 181.024727546, 16.5)
[CHECK][phase1_pair_self_labeling.train.subproblem] episode=12 subproblem_id=NP_NC block_count=24 best_source=bevel_first_balanced loss=3.329466 phase1_score=(1.083333333, 89.960101406, 2.083333333)
[CHECK][phase1_pair_self_labeling.train.subproblem] episode=12 subproblem_id=FN_FL block_count=29 best_source=agent_sample_29 loss=3.153637 phase1_score=(0.5, 114.361693688, 2.5)
[CHECK][phase1_pair_self_labeling.train] episode=12 problem_id=EP00012 block_count=53 best_source=NP_NC:bevel_first_balanced|FN_FL:agent_sample_29 subproblem_count=2 loss=3.241551 learning_score=(1.583333333, 204.321795094, 4.583333333) phase1_score=(1.583333333, 204.321795094, 4.583333333)
[CHECK][phase1_pair_self_labeling.train.subproblem] episode=13 subproblem_id=NP_NC block_count=50 best_source=cut_first_balanced loss=4.025757 phase1_score=(0.75, 318.331342333, 2.75)
[CHECK][phase1_pair_self_labeling.train.subproblem] episode=13 subproblem_id=FN_FL block_count=59 best_source=agent_sample_21 loss=3.770385 phase1_score=(1.0, 385.374706481, 10.0)
[CHECK][phase1_pair_self_labeling.train] episode=13 problem_id=EP00013 block_count=109 best_source=NP_NC:cut_first_balanced|FN_FL:agent_sample_21 subproblem_count=2 loss=3.898071 learning_score=(1.75, 703.706048814, 12.75) phase1_score=(1.75, 703.706048814, 12.75)
[CHECK][phase1_pair_self_labeling.train.subproblem] episode=14 subproblem_id=NP_NC block_count=38 best_source=wo_first_balanced loss=3.735774 phase1_score=(0.75, 222.842561237, 6.666666667)
[CHECK][phase1_pair_self_labeling.train.subproblem] episode=14 subproblem_id=FN_FL block_count=47 best_source=bevel_first_balanced loss=3.488693 phase1_score=(0.0, 248.530006894, 5.5)
[CHECK][phase1_pair_self_labeling.train] episode=14 problem_id=EP00014 block_count=85 best_source=NP_NC:wo_first_balanced|FN_FL:bevel_first_balanced subproblem_count=2 loss=3.612233 learning_score=(0.75, 471.372568131, 12.166666667) phase1_score=(0.75, 471.372568131, 12.166666667)
[CHECK][phase1_pair_self_labeling.train.subproblem] episode=15 subproblem_id=NP_NC block_count=10 best_source=cut_first_balanced loss=2.456688 phase1_score=(1.0, 165.260872668, 5.166666667)
[CHECK][phase1_pair_self_labeling.train.subproblem] episode=15 subproblem_id=FN_FL block_count=17 best_source=bevel_first_balanced loss=2.478854 phase1_score=(0.5, 97.251236891, 3.0)
[CHECK][phase1_pair_self_labeling.train] episode=15 problem_id=EP00015 block_count=27 best_source=NP_NC:cut_first_balanced|FN_FL:bevel_first_balanced subproblem_count=2 loss=2.467771 learning_score=(1.5, 262.512109559, 8.166666667) phase1_score=(1.5, 262.512109559, 8.166666667)
[CHECK][phase1_pair_self_labeling.train.subproblem] episode=16 subproblem_id=NP_NC block_count=35 best_source=bevel_first_balanced loss=3.670894 phase1_score=(0.5, 138.248655541, 9.0)
[CHECK][phase1_pair_self_labeling.train.subproblem] episode=16 subproblem_id=FN_FL block_count=46 best_source=cut_first_balanced loss=3.321901 phase1_score=(0.5, 25.931185342, 12.0)
[CHECK][phase1_pair_self_labeling.train] episode=16 problem_id=EP00016 block_count=81 best_source=NP_NC:bevel_first_balanced|FN_FL:cut_first_balanced subproblem_count=2 loss=3.496397 learning_score=(1.0, 164.179840883, 21.0) phase1_score=(1.0, 164.179840883, 21.0)
[CHECK][phase1_pair_self_labeling.train.subproblem] episode=17 subproblem_id=NP_NC block_count=36 best_source=wo_first_balanced loss=3.645550 phase1_score=(0.333333333, 188.551198537, 11.0)
[CHECK][phase1_pair_self_labeling.train.subproblem] episode=17 subproblem_id=FN_FL block_count=35 best_source=cut_first_balanced loss=3.011319 phase1_score=(0.5, 32.779547864, 5.0)
[CHECK][phase1_pair_self_labeling.train] episode=17 problem_id=EP00017 block_count=71 best_source=NP_NC:wo_first_balanced|FN_FL:cut_first_balanced subproblem_count=2 loss=3.328435 learning_score=(0.833333333, 221.330746401, 16.0) phase1_score=(0.833333333, 221.330746401, 16.0)
[CHECK][phase1_pair_self_labeling.train.subproblem] episode=18 subproblem_id=NP_NC block_count=46 best_source=bevel_first_balanced loss=3.886875 phase1_score=(0.333333333, 609.277803837, 8.25)
[CHECK][phase1_pair_self_labeling.train.subproblem] episode=18 subproblem_id=FN_FL block_count=50 best_source=cut_first_balanced loss=3.424508 phase1_score=(1.0, 212.849950415, 9.5)
[CHECK][phase1_pair_self_labeling.train] episode=18 problem_id=EP00018 block_count=96 best_source=NP_NC:bevel_first_balanced|FN_FL:cut_first_balanced subproblem_count=2 loss=3.655692 learning_score=(1.333333333, 822.127754252, 17.75) phase1_score=(1.333333333, 822.127754252, 17.75)
[CHECK][phase1_pair_self_labeling.train.subproblem] episode=19 subproblem_id=NP_NC block_count=43 best_source=cut_first_balanced loss=3.850944 phase1_score=(0.5, 98.847468344, 7.416666667)
[CHECK][phase1_pair_self_labeling.train.subproblem] episode=19 subproblem_id=FN_FL block_count=48 best_source=cut_first_balanced loss=3.307822 phase1_score=(0.0, 401.898230152, 8.5)
[CHECK][phase1_pair_self_labeling.train] episode=19 problem_id=EP00019 block_count=91 best_source=NP_NC:cut_first_balanced|FN_FL:cut_first_balanced subproblem_count=2 loss=3.579383 learning_score=(0.5, 500.745698496, 15.916666667) phase1_score=(0.5, 500.745698496, 15.916666667)
[CHECK][phase1_pair_self_labeling.train.subproblem] episode=20 subproblem_id=NP_NC block_count=44 best_source=wo_first_balanced loss=3.888788 phase1_score=(0.083333333, 484.819174286, 11.666666667)
[CHECK][phase1_pair_self_labeling.train.subproblem] episode=20 subproblem_id=FN_FL block_count=58 best_source=agent_sample_23 loss=3.548148 phase1_score=(0.0, 154.752830939, 14.5)
[CHECK][phase1_pair_self_labeling.train] episode=20 problem_id=EP00020 block_count=102 best_source=NP_NC:wo_first_balanced|FN_FL:agent_sample_23 subproblem_count=2 loss=3.718468 learning_score=(0.083333333, 639.572005225, 26.166666667) phase1_score=(0.083333333, 639.572005225, 26.166666667)
[CHECK][phase1_pair_self_labeling.train.subproblem] episode=21 subproblem_id=NP_NC block_count=21 best_source=cut_first_balanced loss=3.125294 phase1_score=(0.75, 92.829087925, 3.25)
[CHECK][phase1_pair_self_labeling.train.subproblem] episode=21 subproblem_id=FN_FL block_count=17 best_source=agent_sample_55 loss=2.636330 phase1_score=(0.5, 34.276716217, 6.5)
[CHECK][phase1_pair_self_labeling.train] episode=21 problem_id=EP00021 block_count=38 best_source=NP_NC:cut_first_balanced|FN_FL:agent_sample_55 subproblem_count=2 loss=2.880812 learning_score=(1.25, 127.105804141, 9.75) phase1_score=(1.25, 127.105804141, 9.75)
[CHECK][phase1_pair_self_labeling.train.subproblem] episode=22 subproblem_id=NP_NC block_count=43 best_source=wo_first_balanced loss=3.805880 phase1_score=(0.333333333, 410.961095232, 10.75)
[CHECK][phase1_pair_self_labeling.train.subproblem] episode=22 subproblem_id=FN_FL block_count=49 best_source=agent_sample_20 loss=3.425506 phase1_score=(1.0, 214.469491179, 4.5)
[CHECK][phase1_pair_self_labeling.train] episode=22 problem_id=EP00022 block_count=92 best_source=NP_NC:wo_first_balanced|FN_FL:agent_sample_20 subproblem_count=2 loss=3.615693 learning_score=(1.333333333, 625.430586411, 15.25) phase1_score=(1.333333333, 625.430586411, 15.25)
[CHECK][phase1_pair_self_labeling.train.subproblem] episode=23 subproblem_id=NP_NC block_count=25 best_source=bevel_first_balanced loss=3.159389 phase1_score=(0.5, 85.520871219, 5.25)
[CHECK][phase1_pair_self_labeling.train.subproblem] episode=23 subproblem_id=FN_FL block_count=26 best_source=cut_first_balanced loss=2.593876 phase1_score=(0.5, 48.734391761, 7.5)
[CHECK][phase1_pair_self_labeling.train] episode=23 problem_id=EP00023 block_count=51 best_source=NP_NC:bevel_first_balanced|FN_FL:cut_first_balanced subproblem_count=2 loss=2.876632 learning_score=(1.0, 134.25526298, 12.75) phase1_score=(1.0, 134.25526298, 12.75)
[CHECK][phase1_pair_self_labeling.train.subproblem] episode=24 subproblem_id=NP_NC block_count=32 best_source=bevel_first_balanced loss=3.603958 phase1_score=(0.916666667, 153.018729944, 10.75)
[CHECK][phase1_pair_self_labeling.train.subproblem] episode=24 subproblem_id=FN_FL block_count=39 best_source=agent_sample_45 loss=3.183801 phase1_score=(0.5, 73.389040602, 4.5)
[CHECK][phase1_pair_self_labeling.train] episode=24 problem_id=EP00024 block_count=71 best_source=NP_NC:bevel_first_balanced|FN_FL:agent_sample_45 subproblem_count=2 loss=3.393879 learning_score=(1.416666667, 226.407770545, 15.25) phase1_score=(1.416666667, 226.407770545, 15.25)
[CHECK][phase1_pair_self_labeling.train.subproblem] episode=25 subproblem_id=NP_NC block_count=28 best_source=bevel_first_balanced loss=3.389630 phase1_score=(1.083333333, 74.930611583, 9.916666667)
[CHECK][phase1_pair_self_labeling.train.subproblem] episode=25 subproblem_id=FN_FL block_count=27 best_source=agent_sample_22 loss=2.889288 phase1_score=(1.0, 33.596728186, 4.0)
[CHECK][phase1_pair_self_labeling.train] episode=25 problem_id=EP00025 block_count=55 best_source=NP_NC:bevel_first_balanced|FN_FL:agent_sample_22 subproblem_count=2 loss=3.139459 learning_score=(2.083333333, 108.527339769, 13.916666667) phase1_score=(2.083333333, 108.527339769, 13.916666667)
[CHECK][phase1_pair_self_labeling.train.subproblem] episode=26 subproblem_id=NP_NC block_count=23 best_source=wo_first_balanced loss=2.986104 phase1_score=(0.5, 310.809692953, 4.416666667)
[CHECK][phase1_pair_self_labeling.train.subproblem] episode=26 subproblem_id=FN_FL block_count=33 best_source=cut_first_balanced loss=2.897460 phase1_score=(0.5, 35.630899786, 10.0)
[CHECK][phase1_pair_self_labeling.train] episode=26 problem_id=EP00026 block_count=56 best_source=NP_NC:wo_first_balanced|FN_FL:cut_first_balanced subproblem_count=2 loss=2.941782 learning_score=(1.0, 346.440592739, 14.416666667) phase1_score=(1.0, 346.440592739, 14.416666667)
[CHECK][phase1_pair_self_labeling.train.subproblem] episode=27 subproblem_id=NP_NC block_count=35 best_source=wo_first_balanced loss=3.533725 phase1_score=(1.583333333, 361.450622626, 9.75)
[CHECK][phase1_pair_self_labeling.train.subproblem] episode=27 subproblem_id=FN_FL block_count=56 best_source=agent_sample_9 loss=3.477139 phase1_score=(1.5, 121.734179839, 14.5)
[CHECK][phase1_pair_self_labeling.train] episode=27 problem_id=EP00027 block_count=91 best_source=NP_NC:wo_first_balanced|FN_FL:agent_sample_9 subproblem_count=2 loss=3.505432 learning_score=(3.083333333, 483.184802465, 24.25) phase1_score=(3.083333333, 483.184802465, 24.25)
[CHECK][phase1_pair_self_labeling.train.subproblem] episode=28 subproblem_id=NP_NC block_count=16 best_source=wo_first_balanced loss=2.811591 phase1_score=(0.75, 138.694025309, 3.416666667)
[CHECK][phase1_pair_self_labeling.train.subproblem] episode=28 subproblem_id=FN_FL block_count=43 best_source=agent_sample_5 loss=3.233745 phase1_score=(0.5, 66.800447835, 16.0)
[CHECK][phase1_pair_self_labeling.train] episode=28 problem_id=EP00028 block_count=59 best_source=NP_NC:wo_first_balanced|FN_FL:agent_sample_5 subproblem_count=2 loss=3.022668 learning_score=(1.25, 205.494473144, 19.416666667) phase1_score=(1.25, 205.494473144, 19.416666667)
[CHECK][phase1_pair_self_labeling.train.subproblem] episode=29 subproblem_id=NP_NC block_count=16 best_source=wo_first_balanced loss=2.639596 phase1_score=(1.0, 163.905496555, 4.833333333)
[CHECK][phase1_pair_self_labeling.train.subproblem] episode=29 subproblem_id=FN_FL block_count=23 best_source=bevel_first_balanced loss=2.897547 phase1_score=(1.0, 53.709701334, 0.5)
[CHECK][phase1_pair_self_labeling.train] episode=29 problem_id=EP00029 block_count=39 best_source=NP_NC:wo_first_balanced|FN_FL:bevel_first_balanced subproblem_count=2 loss=2.768571 learning_score=(2.0, 217.615197888, 5.333333333) phase1_score=(2.0, 217.615197888, 5.333333333)
[CHECK][phase1_pair_self_labeling.train.subproblem] episode=30 subproblem_id=NP_NC block_count=13 best_source=wo_first_balanced loss=2.431048 phase1_score=(1.0, 239.791199337, 7.75)
[CHECK][phase1_pair_self_labeling.train.subproblem] episode=30 subproblem_id=FN_FL block_count=18 best_source=bevel_first_balanced loss=2.826724 phase1_score=(0.5, 28.586428875, 3.0)
[CHECK][phase1_pair_self_labeling.train] episode=30 problem_id=EP00030 block_count=31 best_source=NP_NC:wo_first_balanced|FN_FL:bevel_first_balanced subproblem_count=2 loss=2.628886 learning_score=(1.5, 268.377628213, 10.75) phase1_score=(1.5, 268.377628213, 10.75)
[CHECK][phase1_pair_self_labeling.train.subproblem] episode=31 subproblem_id=NP_NC block_count=7 best_source=wo_first_balanced loss=1.782884 phase1_score=(0.0, 14.723514823, 4.5)
[CHECK][phase1_pair_self_labeling.train.subproblem] episode=31 subproblem_id=FN_FL block_count=10 best_source=agent_sample_46 loss=1.660474 phase1_score=(0.5, 32.911016113, 4.0)
[CHECK][phase1_pair_self_labeling.train] episode=31 problem_id=EP00031 block_count=17 best_source=NP_NC:wo_first_balanced|FN_FL:agent_sample_46 subproblem_count=2 loss=1.721679 learning_score=(0.5, 47.634530936, 8.5) phase1_score=(0.5, 47.634530936, 8.5)
[CHECK][phase1_pair_self_labeling.train.subproblem] episode=32 subproblem_id=NP_NC block_count=42 best_source=bevel_first_balanced loss=3.761863 phase1_score=(0.333333333, 175.23158162, 11.25)
[CHECK][phase1_pair_self_labeling.train.subproblem] episode=32 subproblem_id=FN_FL block_count=51 best_source=cut_first_balanced loss=3.291812 phase1_score=(0.5, 183.835819757, 5.5)
[CHECK][phase1_pair_self_labeling.train] episode=32 problem_id=EP00032 block_count=93 best_source=NP_NC:bevel_first_balanced|FN_FL:cut_first_balanced subproblem_count=2 loss=3.526837 learning_score=(0.833333333, 359.067401377, 16.75) phase1_score=(0.833333333, 359.067401377, 16.75)
[CHECK][phase1_pair_self_labeling.train.subproblem] episode=33 subproblem_id=NP_NC block_count=22 best_source=cut_first_balanced loss=3.011997 phase1_score=(0.333333333, 178.33050931, 10.0)
[CHECK][phase1_pair_self_labeling.train.subproblem] episode=33 subproblem_id=FN_FL block_count=32 best_source=agent_sample_22 loss=2.934447 phase1_score=(1.0, 85.857333405, 3.0)
[CHECK][phase1_pair_self_labeling.train] episode=33 problem_id=EP00033 block_count=54 best_source=NP_NC:cut_first_balanced|FN_FL:agent_sample_22 subproblem_count=2 loss=2.973222 learning_score=(1.333333333, 264.187842716, 13.0) phase1_score=(1.333333333, 264.187842716, 13.0)
[CHECK][phase1_pair_self_labeling.train.subproblem] episode=34 subproblem_id=NP_NC block_count=41 best_source=bevel_first_balanced loss=3.718442 phase1_score=(0.166666667, 138.1951202, 0.5)
[CHECK][phase1_pair_self_labeling.train.subproblem] episode=34 subproblem_id=FN_FL block_count=56 best_source=wo_first_balanced loss=3.339386 phase1_score=(0.0, 379.227453683, 9.5)
[CHECK][phase1_pair_self_labeling.train] episode=34 problem_id=EP00034 block_count=97 best_source=NP_NC:bevel_first_balanced|FN_FL:wo_first_balanced subproblem_count=2 loss=3.528914 learning_score=(0.166666667, 517.422573883, 10.0) phase1_score=(0.166666667, 517.422573883, 10.0)
[CHECK][phase1_pair_self_labeling.train.subproblem] episode=35 subproblem_id=NP_NC block_count=10 best_source=cut_first_balanced loss=2.090140 phase1_score=(0.666666667, 64.739560127, 5.333333333)
[CHECK][phase1_pair_self_labeling.train.subproblem] episode=35 subproblem_id=FN_FL block_count=16 best_source=agent_sample_48 loss=2.058556 phase1_score=(1.0, 69.720879977, 5.0)
[CHECK][phase1_pair_self_labeling.train] episode=35 problem_id=EP00035 block_count=26 best_source=NP_NC:cut_first_balanced|FN_FL:agent_sample_48 subproblem_count=2 loss=2.074348 learning_score=(1.666666667, 134.460440105, 10.333333333) phase1_score=(1.666666667, 134.460440105, 10.333333333)
[CHECK][phase1_pair_self_labeling.train.subproblem] episode=36 subproblem_id=NP_NC block_count=12 best_source=agent_sample_45 loss=2.257350 phase1_score=(1.0, 73.641099378, 5.416666667)
[CHECK][phase1_pair_self_labeling.train.subproblem] episode=36 subproblem_id=FN_FL block_count=18 best_source=agent_sample_50 loss=2.283965 phase1_score=(0.5, 53.037823533, 2.5)
[CHECK][phase1_pair_self_labeling.train] episode=36 problem_id=EP00036 block_count=30 best_source=NP_NC:agent_sample_45|FN_FL:agent_sample_50 subproblem_count=2 loss=2.270658 learning_score=(1.5, 126.678922911, 7.916666667) phase1_score=(1.5, 126.678922911, 7.916666667)
[CHECK][phase1_pair_self_labeling.train.subproblem] episode=37 subproblem_id=NP_NC block_count=41 best_source=agent_sample_8 loss=3.625575 phase1_score=(0.75, 131.850113031, 8.416666667)
[CHECK][phase1_pair_self_labeling.train.subproblem] episode=37 subproblem_id=FN_FL block_count=41 best_source=wo_first_balanced loss=3.127596 phase1_score=(0.0, 135.484760486, 7.5)
[CHECK][phase1_pair_self_labeling.train] episode=37 problem_id=EP00037 block_count=82 best_source=NP_NC:agent_sample_8|FN_FL:wo_first_balanced subproblem_count=2 loss=3.376585 learning_score=(0.75, 267.334873516, 15.916666667) phase1_score=(0.75, 267.334873516, 15.916666667)
[CHECK][phase1_pair_self_labeling.train.subproblem] episode=38 subproblem_id=NP_NC block_count=34 best_source=wo_first_balanced loss=3.491546 phase1_score=(0.25, 271.734255251, 7.083333333)
[CHECK][phase1_pair_self_labeling.train.subproblem] episode=38 subproblem_id=FN_FL block_count=63 best_source=wo_first_balanced loss=3.414001 phase1_score=(0.5, 185.375727649, 6.0)
[CHECK][phase1_pair_self_labeling.train] episode=38 problem_id=EP00038 block_count=97 best_source=NP_NC:wo_first_balanced|FN_FL:wo_first_balanced subproblem_count=2 loss=3.452774 learning_score=(0.75, 457.109982899, 13.083333333) phase1_score=(0.75, 457.109982899, 13.083333333)
[CHECK][phase1_pair_self_labeling.train.subproblem] episode=39 subproblem_id=NP_NC block_count=38 best_source=wo_first_balanced loss=3.468582 phase1_score=(0.166666667, 149.413099031, 7.083333333)
[CHECK][phase1_pair_self_labeling.train.subproblem] episode=39 subproblem_id=FN_FL block_count=44 best_source=wo_first_balanced loss=3.013113 phase1_score=(1.0, 41.889729856, 7.5)
[CHECK][phase1_pair_self_labeling.train] episode=39 problem_id=EP00039 block_count=82 best_source=NP_NC:wo_first_balanced|FN_FL:wo_first_balanced subproblem_count=2 loss=3.240847 learning_score=(1.166666667, 191.302828888, 14.583333333) phase1_score=(1.166666667, 191.302828888, 14.583333333)
[CHECK][phase1_pair_self_labeling.train.subproblem] episode=40 subproblem_id=NP_NC block_count=42 best_source=bevel_first_balanced loss=3.678920 phase1_score=(0.333333333, 200.163964738, 14.25)
[CHECK][phase1_pair_self_labeling.train.subproblem] episode=40 subproblem_id=FN_FL block_count=49 best_source=cut_first_balanced loss=3.240368 phase1_score=(0.5, 155.00310571, 5.0)
[CHECK][phase1_pair_self_labeling.train] episode=40 problem_id=EP00040 block_count=91 best_source=NP_NC:bevel_first_balanced|FN_FL:cut_first_balanced subproblem_count=2 loss=3.459644 learning_score=(0.833333333, 355.167070448, 19.25) phase1_score=(0.833333333, 355.167070448, 19.25)
[CHECK][phase1_pair_self_labeling.train.subproblem] episode=41 subproblem_id=NP_NC block_count=39 best_source=bevel_first_balanced loss=3.868318 phase1_score=(0.75, 231.406963011, 7.75)
[CHECK][phase1_pair_self_labeling.train.subproblem] episode=41 subproblem_id=FN_FL block_count=55 best_source=cut_first_balanced loss=3.302449 phase1_score=(0.5, 101.046843137, 4.5)
[CHECK][phase1_pair_self_labeling.train] episode=41 problem_id=EP00041 block_count=94 best_source=NP_NC:bevel_first_balanced|FN_FL:cut_first_balanced subproblem_count=2 loss=3.585384 learning_score=(1.25, 332.453806149, 12.25) phase1_score=(1.25, 332.453806149, 12.25)
[CHECK][phase1_pair_self_labeling.train.subproblem] episode=42 subproblem_id=NP_NC block_count=31 best_source=bevel_first_balanced loss=3.173688 phase1_score=(0.166666667, 44.704489769, 4.75)
[CHECK][phase1_pair_self_labeling.train.subproblem] episode=42 subproblem_id=FN_FL block_count=36 best_source=agent_sample_35 loss=2.897786 phase1_score=(1.0, 28.180702113, 8.0)
[CHECK][phase1_pair_self_labeling.train] episode=42 problem_id=EP00042 block_count=67 best_source=NP_NC:bevel_first_balanced|FN_FL:agent_sample_35 subproblem_count=2 loss=3.035737 learning_score=(1.166666667, 72.885191882, 12.75) phase1_score=(1.166666667, 72.885191882, 12.75)
[CHECK][phase1_pair_self_labeling.train.subproblem] episode=43 subproblem_id=NP_NC block_count=20 best_source=bevel_first_balanced loss=2.760861 phase1_score=(0.666666667, 127.225185581, 1.5)
[CHECK][phase1_pair_self_labeling.train.subproblem] episode=43 subproblem_id=FN_FL block_count=30 best_source=agent_sample_7 loss=2.756988 phase1_score=(0.5, 158.699251041, 4.5)
[CHECK][phase1_pair_self_labeling.train] episode=43 problem_id=EP00043 block_count=50 best_source=NP_NC:bevel_first_balanced|FN_FL:agent_sample_7 subproblem_count=2 loss=2.758924 learning_score=(1.166666667, 285.924436622, 6.0) phase1_score=(1.166666667, 285.924436622, 6.0)
[CHECK][phase1_pair_self_labeling.train.subproblem] episode=44 subproblem_id=NP_NC block_count=41 best_source=wo_first_balanced loss=3.470739 phase1_score=(0.5, 66.150256442, 9.75)
[CHECK][phase1_pair_self_labeling.train.subproblem] episode=44 subproblem_id=FN_FL block_count=56 best_source=wo_first_balanced loss=3.285300 phase1_score=(0.5, 174.283776413, 3.5)
[CHECK][phase1_pair_self_labeling.train] episode=44 problem_id=EP00044 block_count=97 best_source=NP_NC:wo_first_balanced|FN_FL:wo_first_balanced subproblem_count=2 loss=3.378019 learning_score=(1.0, 240.434032855, 13.25) phase1_score=(1.0, 240.434032855, 13.25)
[CHECK][phase1_pair_self_labeling.train.subproblem] episode=45 subproblem_id=NP_NC block_count=35 best_source=wo_first_balanced loss=3.251407 phase1_score=(0.75, 408.862091737, 14.0)
[CHECK][phase1_pair_self_labeling.train.subproblem] episode=45 subproblem_id=FN_FL block_count=38 best_source=agent_sample_11 loss=2.907316 phase1_score=(1.0, 41.881041974, 5.5)
[CHECK][phase1_pair_self_labeling.train] episode=45 problem_id=EP00045 block_count=73 best_source=NP_NC:wo_first_balanced|FN_FL:agent_sample_11 subproblem_count=2 loss=3.079361 learning_score=(1.75, 450.743133711, 19.5) phase1_score=(1.75, 450.743133711, 19.5)
[CHECK][phase1_pair_self_labeling.train.subproblem] episode=46 subproblem_id=NP_NC block_count=15 best_source=bevel_first_balanced loss=2.428322 phase1_score=(1.5, 122.558962653, 3.5)
[CHECK][phase1_pair_self_labeling.train.subproblem] episode=46 subproblem_id=FN_FL block_count=9 best_source=agent_sample_41 loss=1.892153 phase1_score=(1.5, 53.697434651, 0.5)
[CHECK][phase1_pair_self_labeling.train] episode=46 problem_id=EP00046 block_count=24 best_source=NP_NC:bevel_first_balanced|FN_FL:agent_sample_41 subproblem_count=2 loss=2.160237 learning_score=(3.0, 176.256397303, 4.0) phase1_score=(3.0, 176.256397303, 4.0)
[CHECK][phase1_pair_self_labeling.train.subproblem] episode=47 subproblem_id=NP_NC block_count=34 best_source=cut_first_balanced loss=3.357138 phase1_score=(0.25, 324.973393333, 9.916666667)
[CHECK][phase1_pair_self_labeling.train.subproblem] episode=47 subproblem_id=FN_FL block_count=33 best_source=agent_sample_23 loss=2.735885 phase1_score=(0.0, 103.671227638, 4.0)
[CHECK][phase1_pair_self_labeling.train] episode=47 problem_id=EP00047 block_count=67 best_source=NP_NC:cut_first_balanced|FN_FL:agent_sample_23 subproblem_count=2 loss=3.046512 learning_score=(0.25, 428.644620971, 13.916666667) phase1_score=(0.25, 428.644620971, 13.916666667)
[CHECK][phase1_pair_self_labeling.train.subproblem] episode=48 subproblem_id=NP_NC block_count=28 best_source=cut_first_balanced loss=3.045387 phase1_score=(0.75, 334.945278959, 23.75)
[CHECK][phase1_pair_self_labeling.train.subproblem] episode=48 subproblem_id=FN_FL block_count=33 best_source=bevel_first_balanced loss=3.719757 phase1_score=(0.5, 226.604657297, 6.0)
[CHECK][phase1_pair_self_labeling.train] episode=48 problem_id=EP00048 block_count=61 best_source=NP_NC:cut_first_balanced|FN_FL:bevel_first_balanced subproblem_count=2 loss=3.382572 learning_score=(1.25, 561.549936256, 29.75) phase1_score=(1.25, 561.549936256, 29.75)
[CHECK][phase1_pair_self_labeling.train.subproblem] episode=49 subproblem_id=NP_NC block_count=32 best_source=cut_first_balanced loss=3.340003 phase1_score=(0.25, 33.831559683, 5.5)
[CHECK][phase1_pair_self_labeling.train.subproblem] episode=49 subproblem_id=FN_FL block_count=48 best_source=agent_sample_59 loss=3.151861 phase1_score=(0.5, 101.064413183, 5.5)
[CHECK][phase1_pair_self_labeling.train] episode=49 problem_id=EP00049 block_count=80 best_source=NP_NC:cut_first_balanced|FN_FL:agent_sample_59 subproblem_count=2 loss=3.245932 learning_score=(0.75, 134.895972866, 11.0) phase1_score=(0.75, 134.895972866, 11.0)
[CHECK][phase1_pair_self_labeling.train.subproblem] episode=50 subproblem_id=NP_NC block_count=15 best_source=agent_sample_17 loss=2.184582 phase1_score=(4.5, 325.417388075, 8.583333333)
[CHECK][phase1_pair_self_labeling.train.subproblem] episode=50 subproblem_id=FN_FL block_count=16 best_source=agent_sample_2 loss=1.923488 phase1_score=(0.5, 141.238549642, 5.5)
[CHECK][phase1_pair_self_labeling.train] episode=50 problem_id=EP00050 block_count=31 best_source=NP_NC:agent_sample_17|FN_FL:agent_sample_2 subproblem_count=2 loss=2.054035 learning_score=(5.0, 466.655937717, 14.083333333) phase1_score=(5.0, 466.655937717, 14.083333333)
[CHECK][phase1_pair_self_labeling.train.subproblem] episode=51 subproblem_id=NP_NC block_count=19 best_source=agent_sample_31 loss=2.588578 phase1_score=(0.666666667, 58.823464253, 9.166666667)
[CHECK][phase1_pair_self_labeling.train.subproblem] episode=51 subproblem_id=FN_FL block_count=21 best_source=agent_sample_10 loss=2.496302 phase1_score=(0.5, 44.655590313, 11.0)
[CHECK][phase1_pair_self_labeling.train] episode=51 problem_id=EP00051 block_count=40 best_source=NP_NC:agent_sample_31|FN_FL:agent_sample_10 subproblem_count=2 loss=2.542440 learning_score=(1.166666667, 103.479054566, 20.166666667) phase1_score=(1.166666667, 103.479054566, 20.166666667)
[CHECK][phase1_pair_self_labeling.train.subproblem] episode=52 subproblem_id=NP_NC block_count=42 best_source=wo_first_balanced loss=3.540121 phase1_score=(0.5, 142.372179936, 14.166666667)
[CHECK][phase1_pair_self_labeling.train.subproblem] episode=52 subproblem_id=FN_FL block_count=57 best_source=wo_first_balanced loss=3.370178 phase1_score=(0.5, 6.736817299, 9.5)
[CHECK][phase1_pair_self_labeling.train] episode=52 problem_id=EP00052 block_count=99 best_source=NP_NC:wo_first_balanced|FN_FL:wo_first_balanced subproblem_count=2 loss=3.455149 learning_score=(1.0, 149.108997235, 23.666666667) phase1_score=(1.0, 149.108997235, 23.666666667)
[CHECK][phase1_pair_self_labeling.train.subproblem] episode=53 subproblem_id=NP_NC block_count=39 best_source=wo_first_balanced loss=3.551254 phase1_score=(0.25, 324.615676417, 9.0)
[CHECK][phase1_pair_self_labeling.train.subproblem] episode=53 subproblem_id=FN_FL block_count=61 best_source=agent_sample_37 loss=3.366146 phase1_score=(0.0, 261.387713743, 3.5)
[CHECK][phase1_pair_self_labeling.train] episode=53 problem_id=EP00053 block_count=100 best_source=NP_NC:wo_first_balanced|FN_FL:agent_sample_37 subproblem_count=2 loss=3.458700 learning_score=(0.25, 586.00339016, 12.5) phase1_score=(0.25, 586.00339016, 12.5)
[CHECK][phase1_pair_self_labeling.train.subproblem] episode=54 subproblem_id=NP_NC block_count=19 best_source=wo_first_balanced loss=2.733540 phase1_score=(0.666666667, 160.435085699, 8.0)
[CHECK][phase1_pair_self_labeling.train.subproblem] episode=54 subproblem_id=FN_FL block_count=33 best_source=agent_sample_22 loss=2.707628 phase1_score=(1.0, 10.660060086, 10.5)
[CHECK][phase1_pair_self_labeling.train] episode=54 problem_id=EP00054 block_count=52 best_source=NP_NC:wo_first_balanced|FN_FL:agent_sample_22 subproblem_count=2 loss=2.720584 learning_score=(1.666666667, 171.095145785, 18.5) phase1_score=(1.666666667, 171.095145785, 18.5)
[CHECK][phase1_pair_self_labeling.train.subproblem] episode=55 subproblem_id=NP_NC block_count=42 best_source=agent_sample_17 loss=3.503442 phase1_score=(0.25, 245.718968475, 14.25)
